1. переход папку в которой хотим перемистить 
jupyter-a-rodionov@lab:~$ cd airflow
2. Создаем ветку
jupyter-a-rodionov@lab:~/airflow$ git branch dags/a-rodionov
3. Переходим в новую ветку
jupyter-a-rodionov@lab:~/airflow$ git checkout dags/a-rodionov
A       dags/a-rodionov/lesson_02.py
Switched to branch 'dags/a-rodionov'
4.  Добавляем новую папку
jupyter-a-rodionov@lab:~/airflow$ git add dags/a-rodionov
5. Отправляем в гит
jupyter-a-rodionov@lab:~/airflow$ git push origin dags/a-rodionov
===
nothing added to commit but untracked files present (use "git add" to track)
jupyter-a-rodionov@lab:~/airflow$ git add dags/a-rodionov/lesson_02.py
jupyter-a-rodionov@lab:~/airflow$ git commit -m "lesson 2 for Airflow 2"
[a-rodionov 0724438d] lesson 2 for Airflow 2
 1 file changed, 97 insertions(+)
 create mode 100644 dags/a-rodionov/lesson_02.py
jupyter-a-rodionov@lab:~/airflow$ git push origin a-rodionov
To git.lab.karpov.courses:lab/airflow.git
 ! [rejected]          a-rodionov -> a-rodionov (non-fast-forward)
error: failed to push some refs to 'git@git.lab.karpov.courses:lab/airflow.git'
hint: Updates were rejected because the tip of your current branch is behind
hint: its remote counterpart. Integrate the remote changes (e.g.
hint: 'git pull ...') before pushing again.
hint: See the 'Note about fast-forwards' in 'git push --help' for details.
jupyter-a-rodionov@lab:~/airflow$ git branch a-rodionov-lesson2
jupyter-a-rodionov@lab:~/airflow$ git checkout a-rodionov-lesson2
Switched to branch 'a-rodionov-lesson2'
jupyter-a-rodionov@lab:~/airflow$ git status
On branch a-rodionov-lesson2
Changes not staged for commit:
  (use "git add <file>..." to update what will be committed)
  (use "git checkout -- <file>..." to discard changes in working directory)

        modified:   dags/a-rodionov/lesson_02.py

no changes added to commit (use "git add" and/or "git commit -a")
jupyter-a-rodionov@lab:~/airflow$ git add dags/a-rodionov/
jupyter-a-rodionov@lab:~/airflow$ git commit -m "test"
[a-rodionov-lesson2 3d93f414] test
 1 file changed, 1 insertion(+)
jupyter-a-rodionov@lab:~/airflow$ git push origin a-rodionov-lesson2
Counting objects: 10, done.
Delta compression using up to 8 threads.
Compressing objects: 100% (8/8), done.
Writing objects: 100% (10/10), 1.71 KiB | 1.71 MiB/s, done.
Total 10 (delta 3), reused 0 (delta 0)
remote:
remote: To create a merge request for a-rodionov-lesson2, visit:
remote:   https://git.lab.karpov.courses/lab/airflow/-/merge_requests/new?merge_request%5Bsource_branch%5D=a-rodionov-lesson2
remote:
To git.lab.karpov.courses:lab/airflow.git
 * [new branch]        a-rodionov-lesson2 -> a-rodionov-lesson2
jupyter-a-rodionov@lab:~/airflow$ ^C
jupyter-a-rodionov@lab:~/airflow$
===

Total 0 (delta 0), reused 0 (delta 0)
remote:
remote: To create a merge request for dags/a-rodionov, visit:
remote:   https://git.lab.karpov.courses/lab/airflow/-/merge_requests/new?merge_request%5Bsource_branch%5D=dags%2Fa-rodionov
remote:
